{
"name": "job-manual-02",
"status": "passed",
"meta": {
"type": "summary"
},
"items": [
{
"name": "manual-results-1.yaml",
"status": "passed",
"meta": {
"file": "results/global/manual-results-1.yaml",
"type": "file"
},
"items": [
{
"name": "a test file",
"status": "passed",
"meta": {
"file": "results/global/junit_01.xml",
"type": "file"
},
"items": [
{
"name": "Manual suite name",
"status": "passed",
"items": [
{
"name": "Manual test name",
"status": "passed"
}
]
}
]
}
]
},
{
"name": "manual-results-2.yaml",
"status": "passed",
"meta": {
"file": "results/global/manual-results-2.yaml",
"type": "file"
},
"items": [
{
"name": "Another test file",
"status": "passed",
"meta": {
"file": "results/global/junit_02.xml",
"type": "file"
},
"items": [
{
"name": "Manual suite name",
"status": "passed",
"items": [
{
"name": "Manual test name",
"status": "passed"
}
]
}
]
}
]
}
]
}