sonobuoy-config:
  driver: ""
  plugin-name: emptynotallowed
spec:
  command:
  - /bin/sh
  - -c
  - ./run.sh
  image: img
  name: "n"
