sonobuoy-config:
  driver: ""
  plugin-name: "n"
spec:
  command:
  - /bin/sh
  - '- c'
  - ./run.sh
  env:
  - name: FOO
    value: '- bar'
  image: img:v1
  name: n - foo
