podSpec:
  containers: []
  nodeSelector:
    foo: bar
    kubernetes.io/os: windows
  restartPolicy: Never
  serviceAccountName: sonobuoy-serviceaccount
  tolerations:
  - effect: NoSchedule
    key: node-role.kubernetes.io/master
    operator: Exists
  - key: CriticalAddonsOnly
    operator: Exists
  - key: kubernetes.io/e2e-evict-taint-key
    operator: Exists
sonobuoy-config:
  driver: ""
  plugin-name: "n"
spec:
  name: ""
