sonobuoy-config:
  driver: Job
  plugin-name: "n"
spec:
  name: ""
