sonobuoy-config:
  driver: ""
  plugin-name: emptynotallowed
spec:
  env:
  - name: FOO
    value: bar
  name: ""
