---
apiVersion: v1
kind: Namespace
metadata:
  name: 
---
apiVersion: v1
kind: ServiceAccount
metadata:
  labels:
    component: sonobuoy
  name: sonobuoy-serviceaccount
  namespace: 
---
apiVersion: v1
data:
  config.json: |
    {"Description":"","UUID":"","Version":"","ResultsDir":"","Resources":null,"Filters":{"Namespaces":"","LabelSelector":""},"Limits":{"PodLogs":{"Namespaces":"","SonobuoyNamespace":null,"FieldSelectors":null,"LabelSelector":"","Previous":false,"SinceSeconds":null,"SinceTime":null,"Timestamps":false,"TailLines":null,"LimitBytes":null,"LimitSize":"","LimitTime":""}},"Server":{"bindaddress":"","bindport":0,"advertiseaddress":"","timeoutseconds":0},"Plugins":null,"PluginSearchPath":null,"Namespace":"","WorkerImage":"","ImagePullPolicy":"","ImagePullSecrets":""}
kind: ConfigMap
metadata:
  labels:
    component: sonobuoy
  name: sonobuoy-config-cm
  namespace: 
---
apiVersion: v1
data:
  plugin-0.yaml: |
    sonobuoy-config:
      driver: ""
      plugin-name: foo
    spec:
      env:
      - name: SONOBUOY
        value: "true"
      - name: SONOBUOY_CONFIG_DIR
        value: /tmp/sonobuoy/config
      - name: SONOBUOY_K8S_VERSION
        value: v99+static.testing
      - name: SONOBUOY_RESULTS_DIR
        value: /tmp/sonobuoy/results
      name: ""
      resources: {}
kind: ConfigMap
metadata:
  labels:
    component: sonobuoy
  name: sonobuoy-plugins-cm
  namespace: 
---
apiVersion: v1
kind: Pod
metadata:
  labels:
    component: sonobuoy
    sonobuoy-component: aggregator
    tier: analysis
  name: sonobuoy
  namespace: 
spec:
  securityContext:
    runAsUser: 1000
    runAsGroup: 3000
    fsGroup: 2000
  containers:
  - env:
    - name: SONOBUOY_ADVERTISE_IP
      valueFrom:
        fieldRef:
          fieldPath: status.podIP
    image: 
    imagePullPolicy: 
    name: kube-sonobuoy
    volumeMounts:
    - mountPath: /etc/sonobuoy
      name: sonobuoy-config-volume
    - mountPath: /plugins.d
      name: sonobuoy-plugins-volume
    - mountPath: /tmp/sonobuoy
      name: output-volume
  restartPolicy: Never
  serviceAccountName: sonobuoy-serviceaccount
  tolerations:
  - key: "kubernetes.io/e2e-evict-taint-key"
    operator: "Exists"
  volumes:
  - configMap:
      name: sonobuoy-config-cm
    name: sonobuoy-config-volume
  - configMap:
      name: sonobuoy-plugins-cm
    name: sonobuoy-plugins-volume
  - emptyDir: {}
    name: output-volume
---
apiVersion: v1
kind: Service
metadata:
  labels:
    component: sonobuoy
    sonobuoy-component: aggregator
  name: sonobuoy-aggregator
  namespace: 
spec:
  ports:
  - port: 8080
    protocol: TCP
    targetPort: 8080
  selector:
    sonobuoy-component: aggregator
  type: ClusterIP
