apiVersion: v1
kind: Namespace
metadata:
  name: sonobuoy
---
apiVersion: v1
kind: ServiceAccount
metadata:
  labels:
    component: sonobuoy
  name: sonobuoy-serviceaccount
  namespace: sonobuoy
---
apiVersion: v1
data:
  config.json: '{"Description":"DEFAULT","UUID":"","Version":"static-version-for-testing","ResultsDir":"/tmp/sonobuoy/results","Resources":null,"Filters":{"Namespaces":".*","LabelSelector":""},"Limits":{"PodLogs":{"Namespaces":"kube-system","SonobuoyNamespace":true,"FieldSelectors":[],"LabelSelector":"","Previous":false,"SinceSeconds":null,"SinceTime":null,"Timestamps":false,"TailLines":null,"LimitBytes":null}},"QPS":30,"Burst":50,"Server":{"bindaddress":"0.0.0.0","bindport":8080,"advertiseaddress":"","timeoutseconds":21600},"Plugins":[],"PluginSearchPath":["./plugins.d","/etc/sonobuoy/plugins.d","~/sonobuoy/plugins.d"],"Namespace":"sonobuoy","SkipPlugins":true,"WorkerImage":"sonobuoy/sonobuoy:static-version-for-testing","ImagePullPolicy":"IfNotPresent","ImagePullSecrets":"","AggregatorPermissions":"clusterAdmin","ServiceAccountName":"sonobuoy-serviceaccount","ProgressUpdatesPort":"8099","SecurityContextMode":"nonroot"}'
kind: ConfigMap
metadata:
  labels:
    component: sonobuoy
  name: sonobuoy-config-cm
  namespace: sonobuoy
---
apiVersion: v1
kind: ConfigMap
metadata:
  labels:
    component: sonobuoy
  name: sonobuoy-plugins-cm
  namespace: sonobuoy
---
apiVersion: v1
kind: Pod
metadata:
  labels:
    component: sonobuoy
    sonobuoy-component: aggregator
    tier: analysis
  name: sonobuoy
  namespace: sonobuoy
spec:
  containers:
  - args:
    - aggregator
    - --no-exit
    - --level=info
    - -v=4
    - --alsologtostderr
    command:
    - /sonobuoy
    env:
    - name: SONOBUOY_ADVERTISE_IP
      valueFrom:
        fieldRef:
          fieldPath: status.podIP
    image: sonobuoy/sonobuoy:static-version-for-testing
    name: kube-sonobuoy
    volumeMounts:
    - mountPath: /etc/sonobuoy
      name: sonobuoy-config-volume
    - mountPath: /plugins.d
      name: sonobuoy-plugins-volume
    - mountPath: /tmp/sonobuoy
      name: output-volume
  restartPolicy: Never
  securityContext:
    fsGroup: 2000
    runAsGroup: 3000
    runAsUser: 1000
  serviceAccountName: sonobuoy-serviceaccount
  tolerations:
  - key: kubernetes.io/e2e-evict-taint-key
    operator: Exists
  volumes:
  - configMap:
      name: sonobuoy-config-cm
    name: sonobuoy-config-volume
  - configMap:
      name: sonobuoy-plugins-cm
    name: sonobuoy-plugins-volume
  - emptyDir: {}
    name: output-volume
---
apiVersion: v1
kind: Service
metadata:
  labels:
    component: sonobuoy
    sonobuoy-component: aggregator
  name: sonobuoy-aggregator
  namespace: sonobuoy
spec:
  ports:
  - port: 8080
    protocol: TCP
    targetPort: 8080
  selector:
    sonobuoy-component: aggregator
  type: ClusterIP
---
