{
"name": "job-complex-err",
"status": "failed",
"meta": {
"type": "summary"
},
"items": [
{
"name": "Container e2e is terminated state (exit code 0) due to reason: Completed: ",
"status": "failed",
"meta": {
"file": "errors/error.json"
},
"details": {
"error": "Container e2e is terminated state (exit code 0) due to reason: Completed: ",
"pod": "map[metadata:map[annotations:map[sonobuoy-driver:Job sonobuoy-plugin:e2e] creationTimestamp:2019-11-13T09:12:57Z labels:map[component:sonobuoy sonobuoy-plugin:e2e sonobuoy-run:2a1ccb8f20764fa6 tier:analysis] name:sonobuoy-e2e-job-2a1ccb8f20764fa6 namespace:sonobuoy ownerReferences:[map[apiVersion:v1 kind:Pod name:sonobuoy uid:ec2ac9a2-3bfb-453c-99ee-dfda0d1f75c2]] resourceVersion:783915 selfLink:/api/v1/namespaces/sonobuoy/pods/sonobuoy-e2e-job-2a1ccb8f20764fa6 uid:a61eafb3-a789-4eed-9a6e-b59e7ed40f8e] spec:map[containers:[map[command:[/run_e2e.sh] env:[map[name:E2E_FOCUS value:Pods should be submitted and removed] map[name:E2E_SKIP] map[name:E2E_PARALLEL value:1] map[name:E2E_USE_GO_RUNNER value:true]] image:gcr.io/google-containers/conformance:v1.15.3 imagePullPolicy:Always name:e2e resources:map[] terminationMessagePath:/dev/termination-log terminationMessagePolicy:File volumeMounts:[map[mountPath:/tmp/results name:results] map[mountPath:/var/run/secrets/kubernetes.io/serviceaccount name:sonobuoy-serviceaccount-token-k245m readOnly:true]]] map[args:[worker global -v 5 --logtostderr] command:[/sonobuoy] env:[map[name:NODE_NAME valueFrom:map[fieldRef:map[apiVersion:v1 fieldPath:spec.nodeName]]] map[name:RESULTS_DIR value:/tmp/results] map[name:RESULT_TYPE value:e2e] map[name:AGGREGATOR_URL value:https://[10.88.0.16]:8080] map[name:CA_CERT value:-----BEGIN CERTIFICATE-----\nMIIB0jCCAXigAwIBAgIBATAKBggqhkjOPQQDAjBgMQwwCgYDVQQGEwNVU0ExFjAU\nBgNVBAcTDVBhbG8gQWx0bywgQ0ExDzANBgNVBAoTBlZNd2FyZTERMA8GA1UECxMI\nU29ub2J1b3kxFDASBgNVBAMTC3Nvbm9idW95LWNhMB4XDTE5MTExMzA5MTI1N1oX\nDTE5MTExNTA5MTI1N1owYDEMMAoGA1UEBhMDVVNBMRYwFAYDVQQHEw1QYWxvIEFs\ndG8sIENBMQ8wDQYDVQQKEwZWTXdhcmUxETAPBgNVBAsTCFNvbm9idW95MRQwEgYD\nVQQDEwtzb25vYnVveS1jYTBZMBMGByqGSM49AgEGCCqGSM49AwEHA0IABN0+QzRo\nYef72BU07GIczIIaHqWYgHUHr8ZqkGVeomIsOoKqiY6M6kSQUcpDHEW/5f6m8OE/\n/GoJx70div2hxnOjIzAhMA4GA1UdDwEB/wQEAwICBDAPBgNVHRMBAf8EBTADAQH/\nMAoGCCqGSM49BAMCA0gAMEUCIQDWlamkfJjZXOWp0EJZjDEdGzV+Xj44yKXKfBOO\neVp9EgIgbmREQ4WUYtg7pqv5HMMu4gd3AtIxQvOpx9Xgtevnx48=\n-----END CERTIFICATE-----\n] map[name:CLIENT_CERT valueFrom:map[secretKeyRef:map[key:tls.crt name:sonobuoy-plugin-e2e-2a1ccb8f20764fa6]]] map[name:CLIENT_KEY valueFrom:map[secretKeyRef:map[key:tls.key name:sonobuoy-plugin-e2e-2a1ccb8f20764fa6]]] map[name:SONOBUOY_PROGRESS_PORT value:8099]] image:sonobuoy/sonobuoy:v0.16.3 imagePullPolicy:IfNotPresent name:sonobuoy-worker resources:map[] terminationMessagePath:/dev/termination-log terminationMessagePolicy:File volumeMounts:[map[mountPath:/tmp/results name:results] map[mountPath:/var/run/secrets/kubernetes.io/serviceaccount name:sonobuoy-serviceaccount-token-k245m readOnly:true]]]] dnsPolicy:ClusterFirst enableServiceLinks:true nodeName:worker-1 priority:0 restartPolicy:Never schedulerName:default-scheduler securityContext:map[] serviceAccount:sonobuoy-serviceaccount serviceAccountName:sonobuoy-serviceaccount terminationGracePeriodSeconds:30 tolerations:[map[effect:NoSchedule key:node-role.kubernetes.io/master operator:Exists] map[key:CriticalAddonsOnly operator:Exists] map[key:kubernetes.io/e2e-evict-taint-key operator:Exists] map[effect:NoExecute key:node.kubernetes.io/not-ready operator:Exists tolerationSeconds:300] map[effect:NoExecute key:node.kubernetes.io/unreachable operator:Exists tolerationSeconds:300]] volumes:[map[emptyDir:map[] name:results] map[name:sonobuoy-serviceaccount-token-k245m secret:map[defaultMode:420 secretName:sonobuoy-serviceaccount-token-k245m]]]] status:map[conditions:[map[lastProbeTime:\u003cnil\u003e lastTransitionTime:2019-11-13T09:12:57Z status:True type:Initialized] map[lastProbeTime:\u003cnil\u003e lastTransitionTime:2019-11-13T09:13:16Z message:containers with unready status: [e2e] reason:ContainersNotReady status:False type:Ready] map[lastProbeTime:\u003cnil\u003e lastTransitionTime:2019-11-13T09:13:16Z message:containers with unready status: [e2e] reason:ContainersNotReady status:False type:ContainersReady] map[lastProbeTime:\u003cnil\u003e lastTransitionTime:2019-11-13T09:12:57Z status:True type:PodScheduled]] containerStatuses:[map[containerID:cri-o://67cc3e7b86946202181601b3015b6bba7eaa6abbfcbf3163b296e09aa4ffa33d image:gcr.io/google-containers/conformance:v1.15.3 imageID:gcr.io/google-containers/conformance@sha256:fd457d177f69c64cc06bacb824b44d099e73c432ac84b8130af6eab2bf702345 lastState:map[] name:e2e ready:false restartCount:0 state:map[terminated:map[containerID:cri-o://67cc3e7b86946202181601b3015b6bba7eaa6abbfcbf3163b296e09aa4ffa33d exitCode:0 finishedAt:2019-11-13T09:13:16Z reason:Completed startedAt:2019-11-13T09:12:59Z]]] map[containerID:cri-o://f02638d227a08e11f9d97e0b3f29f5a7a6157a7313bbd9608d3779be2ac92738 image:docker.io/sonobuoy/sonobuoy:v0.16.3 imageID:docker.io/sonobuoy/sonobuoy@sha256:d1c511532ac706b57af9d000866953ebc43729fa87bd088056e7f77b2a6d0633 lastState:map[] name:sonobuoy-worker ready:true restartCount:0 state:map[running:map[startedAt:2019-11-13T09:12:59Z]]]] hostIP:192.168.0.21 phase:Running podIP:10.88.0.17 qosClass:BestEffort startTime:2019-11-13T09:12:57Z]]"
}
}
]
}