Run as: hello-world
Filename: testdata/plugins/good/hello-world.yaml
Plugin name (in aggregator): hello-world
Source URL: foo.com
Description: This is a plugin description.
---
Run as: hw-2
Filename: testdata/plugins/good/hw-2.yaml
Plugin name (in aggregator): hello-world2
Source URL: 
Description: 
