Installed plugin plugin into file *STATIC_FOR_TESTING*/foo.yaml from source ./testdata/plugins/good/hello-world.yaml
Run as: foo
Filename: *STATIC_FOR_TESTING*/foo.yaml
Plugin name (in aggregator): hello-world
Source URL: foo.com
Description: This is a plugin description.
