{
"name": "job-manual-arbitrary-details",
"status": "status 1: 1",
"meta": {
"type": "summary"
},
"items": [
{
"name": "manual-results-arbitrary-details.yaml",
"status": "status 1: 1",
"meta": {
"file": "results/global/manual-results-arbitrary-details.yaml",
"type": "file"
},
"items": [
{
"name": "a test file",
"status": "status 1",
"meta": {
"file": "results/global/junit_01.xml",
"type": "file"
},
"details": {
"array-of-integers": [
1,
2,
3
],
"key": "value"
}
}
]
}
]
}